@alia/api build: 
@alia/api build:   dist/index.js  1.7mb ⚠️
@alia/api build: 
@alia/api build: ⚡ Done in 78ms
@alia/api build: 
@alia/api build:   dist/db/migrate.js  12.6kb
@alia/api build: 
@alia/api build: ⚡ Done in 3ms
@alia/api build: 
@alia/api build:   dist/scripts/seed.js  254.9kb
@alia/api build: 
@alia/api build: ⚡ Done in 13ms
@alia/api build: 
@alia/api build:   dist/scripts/bootstrap-native-product-agents.js  171.2kb
@alia/api build: 
@alia/api build: ⚡ Done in 8ms
@alia/api build: 
@alia/api build:   dist/scripts/production-chat-canary.js  21.3kb
@alia/api build: 
@alia/api build: ⚡ Done in 5ms
@alia/api build: ✅ Copied prompts to dist/
@alia/api build: ✅ Copied skills to dist/
@alia/api build: ✅ Build complete
@alia/api build: Exited with code 0
