$ bun run --filter @alia/app build
@alia/app prebuild: $ bun scripts/generate-sitemap.ts
@alia/app prebuild: 🗺️  Generating sitemap.xml for Alia...
@alia/app prebuild: ✅ Sitemap generated: /home/nate/Oxy/Alia/.worktrees/1519-final-sdk-pins-20261003/packages/app/public/sitemap.xml
@alia/app prebuild: 
@alia/app prebuild: 📊 Total URLs in sitemap: 6
@alia/app prebuild: 🎉 Sitemap generated successfully!
@alia/app prebuild: Exited with code 0
@alia/app build: Expo Autolinking module resolution enabled
@alia/app build: Starting Metro Bundler
@alia/app build: 
@alia/app build:  WARN  Attempted to import the module "/home/nate/Oxy/Alia/.worktrees/1519-final-sdk-pins-20261003/node_modules/@noble/hashes/crypto.js" which is not listed in the "exports" of "/home/nate/Oxy/Alia/.worktrees/1519-final-sdk-pins-20261003/node_modules/@noble/hashes" under the requested subpath "./crypto.js". Falling back to file-based resolution. Consider updating the call site or asking the package maintainer(s) to expose this API.
@alia/app build: Web Bundled 13597ms packages/app/index.web.tsx (4343 modules)
@alia/app build: 
@alia/app build: › Assets (33):
@alia/app build: ../../node_modules/@expo/vector-icons/build/vendor/react-native-vector-icons/Fonts/Entypo.31b5ffea3daddc69dd01a1f3d6cf63c5.ttf (66KB)
@alia/app build: ../../node_modules/@oxy.so/bloom/lib/module/fonts/assets/BlomusModernus-Bold.c8e4c906b137ccc90f9aa1fbccbe85b2.woff2 (78KB)
@alia/app build: ../../node_modules/@oxy.so/bloom/lib/module/fonts/assets/BlomusModernus-Regular.6a898c26aeb50e6f31189d06dd2bf3e9.woff2 (78KB)
@alia/app build: ../../node_modules/@oxy.so/bloom/lib/module/fonts/assets/InterVariable.260c81a4759baf163c025001c4f27872.woff2 (48KB)
@alia/app build: ../../node_modules/@oxy.so/bloom/lib/module/fonts/assets/JetBrainsMono-Variable.b058178d7f309414f8f856b99fd80d9b.woff2 (40KB)
@alia/app build: ../../node_modules/@oxy.so/services/lib/module/assets/fonts/icons/OxyServicesIonicons.48b1d8ee549a265d0c1aa67fed7fbca2.ttf (43KB)
@alia/app build: ../../node_modules/@oxy.so/services/lib/module/assets/fonts/icons/OxyServicesMaterialCommunityIcons.88d575089a17d9d10e08c411fd7105ba.ttf (29KB)
@alia/app build: ../../node_modules/@oxy.so/services/lib/module/assets/signIn/slide-1.b29a38b76e9e9e426cc152c3a1a56a73.jpg (102KB)
@alia/app build: ../../node_modules/@oxy.so/services/lib/module/assets/signIn/slide-2.045f767e731a6b2801ce1ea8dbda92f5.jpg (88KB)
@alia/app build: ../../node_modules/@oxy.so/services/lib/module/assets/signIn/slide-3.32a001447e68adf690be104bddcce0ef.jpg (59KB)
@alia/app build: ../../node_modules/@oxy.so/services/lib/module/assets/signIn/slide-4.1de81f0781c3c99c5615d0ec8eb5dee6.jpg (47KB)
@alia/app build: ../../node_modules/expo-router/assets/arrow_down.017bc6ba3fc25503e5eb5e53826d48a8.png (9.5KB)
@alia/app build: ../../node_modules/expo-router/assets/error.d1ea1496f9057eb392d5bbf3732a61b7.png (469B)
@alia/app build: ../../node_modules/expo-router/assets/file.19eeb73b9593a38f8e9f418337fc7d10.png (138B)
@alia/app build: ../../node_modules/expo-router/assets/forward.d8b800c443b8972542883e0b9de2bdc6.png (188B)
@alia/app build: ../../node_modules/expo-router/assets/pkg.ab19f4cbc543357183a20571f68380a3.png (364B)
@alia/app build: ../../node_modules/expo-router/assets/react-navigation/elements/back-icon-mask.0a328cd9c1afd0afe8e3b1ec5165b1b4.png (653B)
@alia/app build: ../../node_modules/expo-router/assets/react-navigation/elements/back-icon.35ba0eaec5a4f5ed12ca16fabeae451d.png (207B)
@alia/app build: ../../node_modules/expo-router/assets/react-navigation/elements/clear-icon.c94f6478e7ae0cdd9f15de1fcb9e5e55.png (4 variations | 425B)
@alia/app build: ../../node_modules/expo-router/assets/react-navigation/elements/close-icon.808e1b1b9b53114ec2838071a7e6daa7.png (4 variations | 235B)
@alia/app build: ../../node_modules/expo-router/assets/react-navigation/elements/search-icon.286d67d3f74808a60a78d3ebf1a5fb57.png (928B)
@alia/app build: ../../node_modules/expo-router/assets/sitemap.412dd9275b6b48ad28f5e3d81bb1f626.png (465B)
@alia/app build: ../../node_modules/expo-router/assets/unmatched.20e71bdf79e3a97bf55fd9e164041578.png (4.8KB)
@alia/app build: assets/sounds/thinking.8967320bccf160eb442baacdc520a66d.mp3 (18KB)
@alia/app build: assets/sounds/tool-call.8967320bccf160eb442baacdc520a66d.mp3 (18KB)
@alia/app build: assets/sounds/voice-connect.60b6ead46fe512056ba66716dd22fe1e.mp3 (48KB)
@alia/app build: assets/sounds/voice-disconnect.cff8087ba529acf62316f0a66e86df1e.mp3 (50KB)
@alia/app build: 
@alia/app build: › web bundles (125):
@alia/app build: _expo/static/css/global-4da0e30c0214c05171eb624f67ff16b8.css (66KB)
@alia/app build: _expo/static/js/web/__common-ecad55ce1eda292222384e58ed7ca469.js (6.2MB)
@alia/app build: _expo/static/js/web/__expo-metro-runtime-1f8f5d3ca6b7f58204d51e14506d73fb.js (3.8KB)
@alia/app build: _expo/static/js/web/_layout-6306dc0c9c5422229bba188e320e94e1.js (13KB)
@alia/app build: _expo/static/js/web/_layout-edefb6304b994a12471ad088057f3b21.js (374B)
@alia/app build: _expo/static/js/web/_layout-f45a132841403733bcd8bd6a6c4644fc.js (428KB)
@alia/app build: _expo/static/js/web/[code]-42fa0f6f43c6440a61d77ebe0cf657f2.js (2.5KB)
@alia/app build: _expo/static/js/web/[id]-10e7c042d0b6dd014855d9ff6143d2fa.js (277B)
@alia/app build: _expo/static/js/web/[id]-123c9c87bc1c487d08af4219ad88639d.js (15KB)
@alia/app build: _expo/static/js/web/[id]-20251beb4bc6e69284ca4d559b2a98f9.js (23KB)
@alia/app build: _expo/static/js/web/[id]-240d6e5ac17507092fb2db748790febf.js (5.3KB)
@alia/app build: _expo/static/js/web/[id]-338eba2f1f794dda33ddc863a2db2667.js (303KB)
@alia/app build: _expo/static/js/web/[id]-7ba1713a6e5133aa75f7ab52c1d2d7a7.js (4.8KB)
@alia/app build: _expo/static/js/web/[id]-d9c8d2c66c2e1bd2235d48529035465b.js (13KB)
@alia/app build: _expo/static/js/web/[sessionId]-c204ac45c4c74811f20e158088dc78ae.js (5.9KB)
@alia/app build: _expo/static/js/web/[token]-02aa7a17ac347f9873e92da64771e543.js (3.8KB)
@alia/app build: _expo/static/js/web/[username]-0e674c3b6cde0b37aa705c35d69a32a8.js (3.9KB)
@alia/app build: _expo/static/js/web/+not-found-ad9f0a0889d8887ea7f1ff3d2eff12f5.js (1.1KB)
@alia/app build: _expo/static/js/web/AccountMembersScreen-fa871870c9b68a89546e7bf00fe43d00.js (10KB)
@alia/app build: _expo/static/js/web/accounts-daa2ab66d0b6f6d2ad9378776b419775.js (269B)
@alia/app build: _expo/static/js/web/AccountSettingsScreen-c77b2079265e76dd9522e68a850f1611.js (6KB)
@alia/app build: _expo/static/js/web/AccountVerificationScreen-bf26253c18828c0adbd779abfbe04a1a.js (4.9KB)
@alia/app build: _expo/static/js/web/addon-fit-54319ba1434f6eb0795840014881961e.js (1.7KB)
@alia/app build: _expo/static/js/web/agents-1d43024c89fb1772b63cdd85ddc9ea65.js (7.4KB)
@alia/app build: _expo/static/js/web/AppInfoScreen-7167601d84dfb3943ca214785e19679f.js (12KB)
@alia/app build: _expo/static/js/web/ar-90fa5a512a4b28f8ffda51828b3dffb3.js (178KB)
@alia/app build: _expo/static/js/web/ar-SA-3ed6ed2a82b43342bd7514fda0d99d9f.js (35KB)
@alia/app build: _expo/static/js/web/automations-a17215683e0f86e49d2e49e00c885efa.js (2.3KB)
@alia/app build: _expo/static/js/web/AvatarCropScreen-dd5d9e1bbad4c9fc83061828548193c8.js (21KB)
@alia/app build: _expo/static/js/web/bn-5e0353374192846eb5e1050b3dd67519.js (173KB)
@alia/app build: _expo/static/js/web/bots-314479cf1e69e9da772e4d7454ae7a36.js (265B)
@alia/app build: _expo/static/js/web/ca-312ac5adb25f45d5918ef4cdb6fccb79.js (67KB)
@alia/app build: _expo/static/js/web/ca-ES-55fdf526ae4ac041376ffa343a332241.js (13KB)
@alia/app build: _expo/static/js/web/ChangeAvatarScreen-ca048f3361506785b07f66ca0c057e52.js (4.3KB)
@alia/app build: _expo/static/js/web/channel-auth-fbb719dc0f0d3636129a60cd5348304f.js (712B)
@alia/app build: _expo/static/js/web/ConnectedAppsScreen-9f17fef30074c0e556c7dc4b53ea3fef.js (3.1KB)
@alia/app build: _expo/static/js/web/connectors-3271614f7b1c4894ea1ae8d0de0f688c.js (271B)
@alia/app build: _expo/static/js/web/create-24af986df8f7fed22b25b72f48e6dd5d.js (5.2KB)
@alia/app build: _expo/static/js/web/create-273f0e25b3e90d80aa236b218a861c3d.js (1.6KB)
@alia/app build: _expo/static/js/web/CreateAccountScreen-8a5ade5af85019b699f7e655ee153e86.js (7.5KB)
@alia/app build: _expo/static/js/web/de-1126f989b179e70bcbea76dff51c7d38.js (66KB)
@alia/app build: _expo/static/js/web/de-DE-783ac15ff3a6fe800754b4abb625f457.js (14KB)
@alia/app build: _expo/static/js/web/DeleteAccountScreen-ae0310c67ce107f3833538804132efac.js (352B)
@alia/app build: _expo/static/js/web/DomainsScreen-deeed5b4565993e8a85d76b87419fe54.js (4.4KB)
@alia/app build: _expo/static/js/web/download-96f2282e815c1457985de9eeef5d7d8b.js (2.3KB)
@alia/app build: _expo/static/js/web/EditProfileFieldScreen-3fa7f3f3bfe89822e1814f31e4b942b8.js (15KB)
@alia/app build: _expo/static/js/web/EditProfileScreen-3cd2621575af5bd3983dc8e2a28d40ba.js (3.5KB)
@alia/app build: _expo/static/js/web/es-ES-bb2a0b397825560a64321b8c29a0a481.js (67KB)
@alia/app build: _expo/static/js/web/es-f832053ae7c575a5d95177f5184ab11a.js (67KB)
@alia/app build: _expo/static/js/web/FileManagementScreen-eda7f732cc3352c0da010036e3eb03fe.js (65KB)
@alia/app build: _expo/static/js/web/FollowersListScreen-8f487970b46fe24f80cac700f2da24e3.js (316B)
@alia/app build: _expo/static/js/web/FollowingListScreen-954dacaefb888d7e1ac09115e8631f1a.js (316B)
@alia/app build: _expo/static/js/web/forgot-password-84bee9689651c09f124d82a670b2caff.js (2KB)
@alia/app build: _expo/static/js/web/fr-1baa30ce8fb9dd86d0a44bd8f8bf0f17.js (70KB)
@alia/app build: _expo/static/js/web/fr-FR-4ca0d7eb2cde6aef2da8fee5f6341823.js (14KB)
@alia/app build: _expo/static/js/web/general-59c597198be851899c610c18b18562be.js (268B)
@alia/app build: _expo/static/js/web/HelpSupportScreen-5137a105c556b77c09fcfbb2816370ea.js (2.9KB)
@alia/app build: _expo/static/js/web/hi-393ceafe23263b3e786e3718f761a5bb.js (168KB)
@alia/app build: _expo/static/js/web/HistoryViewScreen-8bf099cc98f6c513f30c953c3e9565c9.js (4KB)
@alia/app build: _expo/static/js/web/id-2578d6a065d98eaec9574ee1b28c6ca4.js (61KB)
@alia/app build: _expo/static/js/web/import-3e89b6baa7d6ee7c9bd659fbbcf6d5ae.js (1.7KB)
@alia/app build: _expo/static/js/web/index-0d4ee0ea352f85df27005d831fa107c7.js (3.9KB)
@alia/app build: _expo/static/js/web/index-4e9bd163393c1f631ee1f45066cb1d02.js (10KB)
@alia/app build: _expo/static/js/web/index-6efb6a7d85faf39fdac4c9e9bc3c6864.js (13KB)
@alia/app build: _expo/static/js/web/index-776e0c64f9024635111c377ddd2c324d.js (1.1MB)
@alia/app build: _expo/static/js/web/index-7cb37db8622d46cd3d4f295a924ceb88.js (383B)
@alia/app build: _expo/static/js/web/index-88594bf2053043a33255e9168a8f583e.js (254B)
@alia/app build: _expo/static/js/web/index-907f6888834ad2e71bdb7b01daff2953.js (36KB)
@alia/app build: _expo/static/js/web/index-ef70ae02a7e8c2a548e82f833e586a0b.js (1.5KB)
@alia/app build: _expo/static/js/web/integrations-90d8343ca184dd5d4b1ec4f44f9914ee.js (273B)
@alia/app build: _expo/static/js/web/internal-41624952d0080705d82451bbed724b60.js (2.4KB)
@alia/app build: _expo/static/js/web/it-b9ce4b4bc68b330901553290ef4cbb44.js (65KB)
@alia/app build: _expo/static/js/web/it-IT-e3068742f4585443462c67dad363ae12.js (13KB)
@alia/app build: _expo/static/js/web/ja-5476dc8750138c9c639752cd06eac8f0.js (104KB)
@alia/app build: _expo/static/js/web/ja-JP-480703a1d005d9e18471361bc14ddee2.js (26KB)
@alia/app build: _expo/static/js/web/ko-KR-c0c2086391d56c5609f62b94d742cedd.js (21KB)
@alia/app build: _expo/static/js/web/LanguageSelectorScreen-90b12e6a6eb1a1bf299b0b593f39032e.js (3.6KB)
@alia/app build: _expo/static/js/web/LearnMoreUsernamesScreen-f33a23de6ec21af73426c55e088fbd7a.js (2.5KB)
@alia/app build: _expo/static/js/web/LegalDocumentsScreen-3a1a4e9c9ab8f30f953a08516f8081e0.js (4.4KB)
@alia/app build: _expo/static/js/web/library-e2f4ffa3942896f385f0d8e115a1d3f1.js (6.9KB)
@alia/app build: _expo/static/js/web/limits-b6567b4f6d07797fa376cefc1d485de3.js (267B)
@alia/app build: _expo/static/js/web/LinkCommonsScreen-d2f5458afaaa596a2eafe46d16e2ee5c.js (317B)
@alia/app build: _expo/static/js/web/local-models-63c25fc22d731b3c2ffb06dffa62e3b8.js (273B)
@alia/app build: _expo/static/js/web/ManageAccountScreen-30f59e688f7d124db5594083a8904101.js (22KB)
@alia/app build: _expo/static/js/web/memory-27e33bd71823980df259b1689e762309.js (267B)
@alia/app build: _expo/static/js/web/notifications-f24eb522abd95f5f60ab714d4b14d63e.js (4.6KB)
@alia/app build: _expo/static/js/web/NotificationsScreen-3d89efb0f416089098460e8df64267f4.js (3.2KB)
@alia/app build: _expo/static/js/web/OxyAccountDialogScreen-7e646eac5e29e95c4cc956746ca12c4b.js (43KB)
@alia/app build: _expo/static/js/web/PaymentGatewayScreen-60aed36a1ee7e301cdaff2368d5ac128.js (29KB)
@alia/app build: _expo/static/js/web/personalization-894141077ddb96c6c2d77ac1836f55b7.js (276B)
@alia/app build: _expo/static/js/web/PreferencesScreen-de48776096da7d006e376cfd7b010ec6.js (3.4KB)
@alia/app build: _expo/static/js/web/PrivacySettingsScreen-ef22928d91a462e547841d5022f468de.js (12KB)
@alia/app build: _expo/static/js/web/profile-7416242a9a1b4e8e567ce896bdc99a23.js (268B)
@alia/app build: _expo/static/js/web/ProfileScreen-75311bdc0285d6b90d57fb3770484256.js (8.3KB)
@alia/app build: _expo/static/js/web/pt-0bbd6420519d74568cae71eaa5364e1d.js (67KB)
@alia/app build: _expo/static/js/web/pt-PT-c13013b4dc31ce168720d5b34a2e5020.js (14KB)
@alia/app build: _expo/static/js/web/reset-password-1bdd7f3c086bd7fa1c61f85eddd774c7.js (2.2KB)
@alia/app build: _expo/static/js/web/ru-8f2d1c2f36ea85e6a7e0424bcdd95718.js (199KB)
@alia/app build: _expo/static/js/web/SearchSettingsScreen-9b152d713196659f072f4f0e1bf48692.js (2.5KB)
@alia/app build: _expo/static/js/web/SecureStore-980e3d4170cba1b5f638c8e229e27649.js (2.4KB)
@alia/app build: _expo/static/js/web/security-cf752ea1533dcdb6cd68d150e15a5333.js (269B)
@alia/app build: _expo/static/js/web/shows-a57dfe37d8ff5a864bc41ddc24641082.js (8.3KB)
@alia/app build: _expo/static/js/web/SignInAuthenticatorScreen-bf7d9e22e9b6e69733b78347615adb99.js (319B)
@alia/app build: _expo/static/js/web/SignInPasswordScreen-86de845e84cca205f051c116ad3ddaa7.js (359B)
@alia/app build: _expo/static/js/web/skill-cover-animated-e6015053ecd51da6dc5819192d1eb8e3.js (682B)
@alia/app build: _expo/static/js/web/skills-d7caebb828c37ce419839d007f2f4b7a.js (5.5KB)
@alia/app build: _expo/static/js/web/storage-ef599368315971beb4bf9692e742b077.js (268B)
@alia/app build: _expo/static/js/web/subscribe-f60ca0ee81163a35216b5b218d76f9dc.js (15KB)
@alia/app build: _expo/static/js/web/tasks-b9aa45e2e3a92bc040458a661d17aff7.js (19KB)
@alia/app build: _expo/static/js/web/teams-6547ffb1238deec6ec754cf566cef408.js (1.5KB)
@alia/app build: _expo/static/js/web/telegram-auth-e836e80de3fb95c0a386260c1e5ad5ad.js (460B)
@alia/app build: _expo/static/js/web/tr-fc4c0c99802658ed7c8b6a8f9ed3e734.js (71KB)
@alia/app build: _expo/static/js/web/TrustAboutScreen-dfe9ca23b6ecc43386ac47a17ccb2352.js (2.6KB)
@alia/app build: _expo/static/js/web/TrustCenterScreen-17f38403a2dea641af48db7c6cbe3327.js (4.4KB)
@alia/app build: _expo/static/js/web/TrustFAQScreen-f424053e02de35af78a91add2fb1c714.js (1.8KB)
@alia/app build: _expo/static/js/web/TrustLeaderboardScreen-7434a952654d3ed500c33daeedbda6c0.js (4.3KB)
@alia/app build: _expo/static/js/web/TrustRewardsScreen-d4e413a10caf46b17b65a3f7b7df37de.js (9.4KB)
@alia/app build: _expo/static/js/web/TrustRulesScreen-b9568f53b44e04d533b3afee7efa9560.js (2.2KB)
@alia/app build: _expo/static/js/web/usage-4ef8b6abdcbcf0b9979f892ba90cbb89.js (266B)
@alia/app build: _expo/static/js/web/UserLinksScreen-66f616090068a29f1f48cd3820846769.js (1.1KB)
@alia/app build: _expo/static/js/web/WelcomeNewUserScreen-1518a2763fc0199eb29a24c04b220aac.js (8.7KB)
@alia/app build: _expo/static/js/web/writing-style-28fbfda7f58ec0f2bffdef410fd94089.js (274B)
@alia/app build: _expo/static/js/web/xterm-79af45f65051ca037162c558ecb463f7.js (339KB)
@alia/app build: _expo/static/js/web/zh-bb5eb9ffcd70dcee2e66e4215dc6d53f.js (81KB)
@alia/app build: _expo/static/js/web/zh-CN-0a8e47292df3574f612dc89821c13a7d.js (18KB)
@alia/app build: 
@alia/app build: › Files (3):
@alia/app build: favicon.ico (15KB)
@alia/app build: index.html (1.6KB)
@alia/app build: metadata.json (49B)
@alia/app build: 
@alia/app build: Exported: dist
@alia/app build: $ node scripts/check-web-bundle.mjs
@alia/app build: check-web-bundle: 124 chunks, no Skia, no stray wasm in the export.
@alia/app build: Exited with code 0
