@alia/api build: 
@alia/api build:   dist/index.js  1.7mb ⚠️
@alia/api build: 
@alia/api build: ⚡ Done in 141ms
@alia/api build: 
@alia/api build:   dist/db/migrate.js  12.6kb
@alia/api build: 
@alia/api build: ⚡ Done in 6ms
@alia/api build: 
@alia/api build:   dist/scripts/seed.js  254.9kb
@alia/api build: 
@alia/api build: ⚡ Done in 22ms
@alia/api build: 
@alia/api build:   dist/scripts/bootstrap-native-product-agents.js  171.2kb
@alia/api build: 
@alia/api build: ⚡ Done in 17ms
@alia/api build: 
@alia/api build:   dist/scripts/production-chat-canary.js  21.3kb
@alia/api build: 
@alia/api build: ⚡ Done in 14ms
@alia/api build: ✅ Copied prompts to dist/
@alia/api build: ✅ Copied skills to dist/
@alia/api build: ✅ Build complete
@alia/api build: Exited with code 0
